// Jest Snapshot v1, https://goo.gl/fbAQLP

exports[`Testeando Componente <GifGridItem /> Debe de mostrar el componente correctamente 1`] = `
<div
  className="card animate__animated animate__fadeInUp"
>
  <img
    alt="Baloncesto"
    src="https://localhost.com/img/baloncesto.jpg"
  />
  <p>
     
    Baloncesto
     
  </p>
</div>
`;
